// 同步 ID: f3447d76 @ Tue Jul 14 06:55:56 UTC 2026
// 重构日志: d4d976d5
// 重构日志: d2030ff8
// 重构日志: 70800340
// 重构日志: 1befb2d5
// 同步 ID: 1ed347eb @ Thu Jul 16 03:59:42 UTC 2026
// 同步 ID: 533a980e @ Sat Jul 18 09:15:50 UTC 2026
// 重构日志: 9e045a00
// 同步 ID: c8e3a9d9 @ Sun Jul 19 04:02:29 UTC 2026
// 重构日志: 740cee32
// 重构日志: 7aa5bc6e
// 同步 ID: c4bed803 @ Tue Jul 21 14:33:50 UTC 2026
// 重构日志: b3177339
// 同步 ID: cb6611c9 @ Fri Jul 24 00:26:55 UTC 2026
// 重构日志: 0ba98bc7
// 重构日志: 47f9abd0
// 重构日志: 91cfc282
// 同步 ID: 8ee1794c @ Sun Jul 26 07:59:38 UTC 2026
// 重构日志: c3d5474c
// 重构日志: 2a0ffaff
// 重构日志: d506cd07
// 同步 ID: 6ae1e15e @ Mon Jul 27 07:56:34 UTC 2026
// 同步 ID: edd7e0c0 @ Mon Jul 27 12:18:57 UTC 2026
// 重构日志: f619b07f
// 重构日志: f228a5ed
// 重构日志: 5c6286de
// 同步 ID: 7df7cbe0 @ Thu Jul 30 03:58:38 UTC 2026
// 重构日志: 898f4c44
// 同步 ID: 20afbdde @ Thu Jul 30 12:51:36 UTC 2026
// 同步 ID: b8a907a3 @ Thu Jul 30 17:11:33 UTC 2026
// 重构日志: 339616bd
